../Core/Src/radio_drivers.c:35:6:RadioSetCommand	16	static
../Core/Src/radio_drivers.c:42:6:RadioGetCommand	16	static
../Core/Src/radio_drivers.c:49:6:RadioWriteBuffer	16	static
../Core/Src/radio_drivers.c:56:6:RadioReadBuffer	16	static
../Core/Src/radio_drivers.c:63:6:RadioWriteRegisters	16	static
../Core/Src/radio_drivers.c:70:6:RadioReadRegisters	16	static
../Core/Src/radio_drivers.c:77:6:RadioWriteRegister	16	static
../Core/Src/radio_drivers.c:84:6:RadioReadRegister	16	static
../Core/Src/radio_drivers.c:92:6:RadioInit	344	static
../Core/Src/radio_drivers.c:198:6:RadioSetupTX	32	static
../Core/Src/radio_drivers.c:230:6:RadioSendTXContinuousWave	8	static
../Core/Src/radio_drivers.c:235:5:RadioTransmit	32	static
../Core/Src/radio_drivers.c:317:6:RadioReceiveStats	32	static
../Core/Src/radio_drivers.c:333:6:RadioLoop	32	static
../Core/Src/radio_drivers.c:354:6:RadioTask	16	static
